1.cd 到上传项目的根目录下，然后初始化本地仓库，

git init

2.添加当前工作目录文件到index，添加管理，

git add .(记得有个点哦，并且和add之间有空格)

3.查看一下当前目录所有没有被git管理的文件以及被git管理并且被修改但是还没有提交的文件，

git status       （若出现了很多红色文件，那么就需要再次进行2的步骤，git add .直到没有问题。）

4.提交文件，把本地仓库暂存区的文件提交到本地仓库。

git commit -m "message"       其中message就是你提交文件时候的备注。以便知道本次提交是什么作用……

5.关联远程仓库，其中origin后跟的是，远程仓库的别名。

git remote add origin https://github.com/bendan321/nihao.git

6.push文件。


git push -u origin master。



OK，这样的话，就完成了将本地项目传到github上了。



$ git push -u origin master 
To git@github.com:**/Demo.git 
! [rejected] master -> master (non-fast-forward) 
error: failed to push some refs to ‘git@github.com:**/Demo.git’ 
hint: Updates were rejected because the tip of your current branch is behind 
hint: its remote counterpart. Merge the remote changes (e.g. ‘git pull’) 
hint: before pushing again. 
hint: See the ‘Note about fast-forwards’ in ‘git push –help’ for details.

网上搜索了下，是因为远程repository和我本地的repository冲突导致的，而我在创建版本库后，在github的版本库页面点击了创建README.md文件的按钮创建了说明文档，但是却没有pull到本地。这样就产生了版本冲突的问题。

有如下几种解决方法：

1.使用强制push的方法：

$ git push -u origin master -f

这样会使远程修改丢失，一般是不可取的，尤其是多人协作开发的时候。

2.push前先将远程repository修改pull下来

$ git pull origin master

$ git push -u origin master

3.若不想merge远程和本地修改，可以先创建新的分支：

$ git branch [name]

然后push

$ git push -u origin [name]